// Jest Snapshot v1, https://goo.gl/fbAQLP

exports[`matches snapshot 1`] = `
<DocumentFragment>
  <div
    class="container"
  >
    <div
      class="homepage"
    >
      <div
        class="container text-center"
      >
        <div
          class="dashboard container"
        >
          <h1
            id="brand"
          >
            Weather Alerts
          </h1>
          <div
            class="row"
          >
            <div
              class="right col"
            >
              <div
                class="my-locations card shadow my-3"
              >
                <h4
                  class="mt-4"
                >
                  My Locations
                </h4>
                <div
                  class="p-5"
                >
                  <div
                    class="m-5 p-5"
                  >
                    <div
                      class="_loading_overlay_wrapper _loading_overlay_wrapper--active css-ft4slc"
                      data-testid="wrapper"
                    >
                      <div
                        class="_loading_overlay_overlay css-zh5e5g"
                        data-testid="overlay"
                      >
                        <div
                          class="_loading_overlay_content css-42igfv"
                        >
                          <div
                            class="_loading_overlay_spinner css-192sst4"
                          >
                            <svg
                              viewBox="25 25 50 50"
                            >
                              <circle
                                cx="50"
                                cy="50"
                                fill="none"
                                r="20"
                                stroke-miterlimit="10"
                                stroke-width="2"
                              />
                            </svg>
                          </div>
                          Loading...
                        </div>
                      </div>
                    </div>
                  </div>
                </div>
              </div>
              <div
                class="my-alerts card shadow my-3"
              >
                <h4
                  class="mt-4"
                >
                  My Alerts
                </h4>
                <div
                  class="p-5"
                >
                  <div
                    class="m-5 p-5"
                  >
                    <div
                      class="_loading_overlay_wrapper _loading_overlay_wrapper--active css-ft4slc"
                      data-testid="wrapper"
                    >
                      <div
                        class="_loading_overlay_overlay css-df17o1"
                        data-testid="overlay"
                      >
                        <div
                          class="_loading_overlay_content css-42igfv"
                        >
                          <div
                            class="_loading_overlay_spinner css-192sst4"
                          >
                            <svg
                              viewBox="25 25 50 50"
                            >
                              <circle
                                cx="50"
                                cy="50"
                                fill="none"
                                r="20"
                                stroke-miterlimit="10"
                                stroke-width="2"
                              />
                            </svg>
                          </div>
                          Loading...
                        </div>
                      </div>
                    </div>
                  </div>
                </div>
              </div>
              <div
                class="my-articles card shadow my-3"
              >
                <h4
                  class="mt-4"
                >
                  My Articles
                </h4>
                <h3
                  class="text-center mt-5"
                >
                  Loading...
                </h3>
              </div>
            </div>
            <div
              class="col"
            >
              <div
                class="articles left card shadow my-3 mh-25"
              >
                <h4
                  class="mt-4"
                >
                  News
                </h4>
                <div
                  class="p-5"
                >
                  <div
                    class="m-5 p-5"
                  >
                    <div
                      class="_loading_overlay_wrapper _loading_overlay_wrapper--active css-ft4slc"
                      data-testid="wrapper"
                    >
                      <div
                        class="_loading_overlay_overlay css-df17o1"
                        data-testid="overlay"
                      >
                        <div
                          class="_loading_overlay_content css-42igfv"
                        >
                          <div
                            class="_loading_overlay_spinner css-192sst4"
                          >
                            <svg
                              viewBox="25 25 50 50"
                            >
                              <circle
                                cx="50"
                                cy="50"
                                fill="none"
                                r="20"
                                stroke-miterlimit="10"
                                stroke-width="2"
                              />
                            </svg>
                          </div>
                          Loading...
                        </div>
                      </div>
                    </div>
                  </div>
                </div>
              </div>
            </div>
          </div>
        </div>
      </div>
    </div>
  </div>
</DocumentFragment>
`;
